Drill report for Nightwave-Reference.kicad_pcb
Created on 2026-10-05T22:21:43

Copper Layer Stackup:
    =============================================================
    L1 :  F.Cu                      front
    L2 :  In1.Cu                    in1
    L3 :  In2.Cu                    in2
    L4 :  B.Cu                      back


Drill file 'Nightwave-Reference-PTH.drl' contains
    plated through holes:
    =============================================================
    T1  0.200mm  0.0079"  (18 holes))
    T2  0.300mm  0.0118"  (213 holes))
    T3  0.400mm  0.0157"  (34 holes))
    T4  0.600mm  0.0236"  (12 holes)  (with 12 slots)
    T5  0.750mm  0.0295"  (6 holes))
    T6  1.000mm  0.0394"  (6 holes))

    Total plated holes count 289


Drill file 'Nightwave-Reference-NPTH.drl' contains
    unplated through holes:
    =============================================================
    T1  0.650mm  0.0256"  (2 holes))
    T2  0.900mm  0.0354"  (2 holes))
    T3  1.200mm  0.0472"  (2 holes))
    T4  2.200mm  0.0866"  (3 holes))

    Total unplated holes count 9
