ERC report (2026-10-04T14:29:16, Encoding UTF8)
Report includes: Errors, Warnings

***** Sheet /
[label_dangling]: Label not connected
    ; error
    @(36.83 mm, 39.37 mm): Global Label 'CHASSIS'
[label_dangling]: Label not connected
    ; error
    @(240.03 mm, 85.09 mm): Global Label 'SD_D1_NC'
[label_dangling]: Label not connected
    ; error
    @(252.73 mm, 172.72 mm): Global Label 'SPK_N'
[label_dangling]: Label not connected
    ; error
    @(314.96 mm, 100.33 mm): Global Label 'SPK_N'
[unconnected_wire_endpoint]: Unconnected wire endpoint
    ; warning
    @(36.83 mm, 41.91 mm): Vertical Wire, length 2.54 mm
[unconnected_wire_endpoint]: Unconnected wire endpoint
    ; warning
    @(59.69 mm, 59.69 mm): Horizontal Wire, length 2.54 mm
[unconnected_wire_endpoint]: Unconnected wire endpoint
    ; warning
    @(59.69 mm, 72.39 mm): Horizontal Wire, length 2.54 mm
[unconnected_wire_endpoint]: Unconnected wire endpoint
    ; warning
    @(59.69 mm, 74.93 mm): Horizontal Wire, length 2.54 mm
[isolated_pin_label]: Label connected to only one pin
    ; warning
    @(167.64 mm, 77.47 mm): Global Label 'ILIM'
[isolated_pin_label]: Label connected to only one pin
    ; warning
    @(287.02 mm, 57.15 mm): Global Label 'FB_3V3'
[unconnected_wire_endpoint]: Unconnected wire endpoint
    ; warning
    @(314.96 mm, 121.92 mm): Horizontal Wire, length 2.54 mm
[isolated_pin_label]: Label connected to only one pin
    ; warning
    @(342.90 mm, 57.15 mm): Global Label 'FB_BT'
[unconnected_wire_endpoint]: Unconnected wire endpoint
    ; warning
    @(359.41 mm, 121.92 mm): Horizontal Wire, length 2.54 mm
[isolated_pin_label]: Label connected to only one pin
    ; warning
    @(54.61 mm, 236.22 mm): Global Label 'USB_DM_MCU'
[isolated_pin_label]: Label connected to only one pin
    ; warning
    @(240.03 mm, 102.87 mm): Global Label 'SD_D2_NC'
[unconnected_wire_endpoint]: Unconnected wire endpoint
    ; warning
    @(242.57 mm, 85.09 mm): Horizontal Wire, length 2.54 mm
[isolated_pin_label]: Label connected to only one pin
    ; warning
    @(275.59 mm, 218.44 mm): Global Label 'USB_DP_MCU'
[unconnected_wire_endpoint]: Unconnected wire endpoint
    ; warning
    @(285.75 mm, 80.01 mm): Horizontal Wire, length 2.54 mm
[unconnected_wire_endpoint]: Unconnected wire endpoint
    ; warning
    @(100.33 mm, 162.56 mm): Vertical Wire, length 2.54 mm
[unconnected_wire_endpoint]: Unconnected wire endpoint
    ; warning
    @(105.41 mm, 167.64 mm): Vertical Wire, length 2.54 mm
[isolated_pin_label]: Label connected to only one pin
    ; warning
    @(107.95 mm, 172.72 mm): Global Label 'HP_DETECT_BIAS'
[isolated_pin_label]: Label connected to only one pin
    ; warning
    @(110.49 mm, 255.27 mm): Global Label 'I2S_DOUT_SPK'
[isolated_pin_label]: Label connected to only one pin
    ; warning
    @(252.73 mm, 175.26 mm): Global Label 'SPK_P'
[unconnected_wire_endpoint]: Unconnected wire endpoint
    ; warning
    @(255.27 mm, 172.72 mm): Horizontal Wire, length 2.54 mm
[isolated_pin_label]: Label connected to only one pin
    ; warning
    @(284.48 mm, 102.87 mm): Global Label 'I2S_DOUT_SPK'
[unconnected_wire_endpoint]: Unconnected wire endpoint
    ; warning
    @(287.02 mm, 102.87 mm): Horizontal Wire, length 2.54 mm
[unconnected_wire_endpoint]: Unconnected wire endpoint
    ; warning
    @(312.42 mm, 100.33 mm): Horizontal Wire, length 2.54 mm
[unconnected_wire_endpoint]: Unconnected wire endpoint
    ; warning
    @(312.42 mm, 102.87 mm): Horizontal Wire, length 2.54 mm
[isolated_pin_label]: Label connected to only one pin
    ; warning
    @(314.96 mm, 102.87 mm): Global Label 'SPK_P'
[unconnected_wire_endpoint]: Unconnected wire endpoint
    ; warning
    @(142.24 mm, 140.97 mm): Vertical Wire, length 2.54 mm
[unconnected_wire_endpoint]: Unconnected wire endpoint
    ; warning
    @(162.56 mm, 158.75 mm): Vertical Wire, length 2.54 mm
[unconnected_wire_endpoint]: Unconnected wire endpoint
    ; warning
    @(167.64 mm, 158.75 mm): Vertical Wire, length 2.54 mm
[unconnected_wire_endpoint]: Unconnected wire endpoint
    ; warning
    @(182.88 mm, 82.55 mm): Vertical Wire, length 2.54 mm
[unconnected_wire_endpoint]: Unconnected wire endpoint
    ; warning
    @(187.96 mm, 87.63 mm): Vertical Wire, length 2.54 mm
[unconnected_wire_endpoint]: Unconnected wire endpoint
    ; warning
    @(187.96 mm, 140.97 mm): Vertical Wire, length 2.54 mm
[isolated_pin_label]: Label connected to only one pin
    ; warning
    @(190.50 mm, 105.41 mm): Global Label 'BT_SERVICE_P34'
[isolated_pin_label]: Label connected to only one pin
    ; warning
    @(147.32 mm, 67.31 mm): Global Label 'UART0_RX'
[isolated_pin_label]: Label connected to only one pin
    ; warning
    @(147.32 mm, 69.85 mm): Global Label 'UART0_TX'
[unconnected_wire_endpoint]: Unconnected wire endpoint
    ; warning
    @(149.86 mm, 62.23 mm): Vertical Wire, length 2.54 mm

***** Sheet /Power, charging and battery safety/
[pin_not_connected]: Pin not connected
    ; error
    @(36.83 mm, 87.63 mm): Symbol J1 Pin SH [SHIELD, Passive, Line]
[pin_not_connected]: Pin not connected
    ; error
    @(44.45 mm, 87.63 mm): Symbol J1 Pin A1 [GND, Passive, Line]
[pin_not_connected]: Pin not connected
    ; error
    @(59.69 mm, 54.61 mm): Symbol J1 Pin A5 [CC1, Bidirectional, Line]
[pin_not_connected]: Pin not connected
    ; error
    @(59.69 mm, 57.15 mm): Symbol J1 Pin B5 [CC2, Bidirectional, Line]
[pin_not_connected]: Pin not connected
    ; error
    @(59.69 mm, 69.85 mm): Symbol J1 Pin B6 [D+, Bidirectional, Line]
[pin_not_connected]: Pin not connected
    ; error
    @(59.69 mm, 77.47 mm): Symbol J1 Pin A8 [SBU1, Bidirectional, Line]
[pin_not_connected]: Pin not connected
    ; error
    @(314.96 mm, 127.00 mm): Symbol J2 Pin 2 [Pin_2, Passive, Line]
[pin_not_connected]: Pin not connected
    ; error
    @(359.41 mm, 127.00 mm): Symbol J3 Pin 2 [Pin_2, Passive, Line]
[multiple_net_names]: Both +3V3 and GND are attached to the same items; +3V3 will be used in the netlist
    ; warning
    @(105.41 mm, 46.99 mm): Global Label '+3V3'
    @(44.45 mm, 39.37 mm): Global Label 'GND'
[no_connect_dangling]: Unconnected "no connection" flag
    ; warning
    @(59.69 mm, 52.07 mm): No Connect

***** Sheet /MCU, USB and microSD storage/
[pin_not_connected]: Pin not connected
    ; error
    @(242.57 mm, 105.41 mm): Symbol J4 Pin 8 [DAT1, Bidirectional, Line]
[pin_not_connected]: Pin not connected
    ; error
    @(285.75 mm, 110.49 mm): Symbol J4 Pin SH [SHIELD, Passive, Line]
[multiple_net_names]: Both +3V3 and GND are attached to the same items; +3V3 will be used in the netlist
    ; warning
    @(240.03 mm, 100.33 mm): Global Label '+3V3'
    @(124.46 mm, 62.23 mm): Global Label 'GND'
[multiple_net_names]: Both HP_EN and TFT_RST are attached to the same items; HP_EN will be used in the netlist
    ; warning
    @(124.46 mm, 85.09 mm): Global Label 'HP_EN'
    @(124.46 mm, 82.55 mm): Global Label 'TFT_RST'
[no_connect_connected]: A pin with a "no connection" flag is connected
    ; warning
    @(124.46 mm, 90.17 mm): Symbol U1 Pin 11 [Pin_11, Passive, Line]
    @(124.46 mm, 77.47 mm): No Connect
[no_connect_connected]: A pin with a "no connection" flag is connected
    ; warning
    @(124.46 mm, 97.79 mm): Symbol U1 Pin 14 [Pin_14, Passive, Line]
    @(124.46 mm, 97.79 mm): No Connect
[multiple_net_names]: Both TFT_MOSI and TFT_SCLK are attached to the same items; TFT_MOSI will be used in the netlist
    ; warning
    @(124.46 mm, 105.41 mm): Global Label 'TFT_MOSI'
    @(124.46 mm, 102.87 mm): Global Label 'TFT_SCLK'
[no_connect_connected]: A pin with a "no connection" flag is connected
    ; warning
    @(124.46 mm, 102.87 mm): Symbol U1 Pin 16 [Pin_16, Passive, Line]
    @(124.46 mm, 102.87 mm): No Connect
[no_connect_connected]: A pin with a "no connection" flag is connected
    ; warning
    @(124.46 mm, 125.73 mm): Symbol U1 Pin 25 [Pin_25, Passive, Line]
    @(124.46 mm, 128.27 mm): No Connect
[multiple_net_names]: Both BT_WAKE and I2C_SCL are attached to the same items; BT_WAKE will be used in the netlist
    ; warning
    @(124.46 mm, 125.73 mm): Global Label 'BT_WAKE'
    @(124.46 mm, 128.27 mm): Global Label 'I2C_SCL'

***** Sheet /I2S DAC, headphone and speaker audio/
[pin_not_connected]: Pin not connected
    ; error
    @(100.33 mm, 187.96 mm): Symbol J5 Pin G [Passive, Line]
[pin_not_connected]: Pin not connected
    ; error
    @(105.41 mm, 182.88 mm): Symbol J5 Pin TN [Passive, Line]
[pin_not_connected]: Pin not connected
    ; error
    @(255.27 mm, 177.80 mm): Symbol J6 Pin 2 [Pin_2, Passive, Line]
[pin_not_connected]: Pin not connected
    ; error
    @(287.02 mm, 87.63 mm): Symbol U10 Pin 1 [DIN, Input, Line]
[pin_not_driven]: Input pin not driven by any Output pins
    ; error
    @(287.02 mm, 87.63 mm): Symbol U10 Pin 1 [DIN, Input, Line]
[pin_not_connected]: Pin not connected
    ; error
    @(297.18 mm, 107.95 mm): Symbol U10 Pin 3 [GND, Power input, Line]
[power_pin_not_driven]: Input Power pin not driven by any Output Power pins
    ; error
    @(297.18 mm, 107.95 mm): Symbol U10 Pin 3 [GND, Power input, Line]
[pin_not_connected]: Pin not connected
    ; error
    @(299.72 mm, 82.55 mm): Symbol U10 Pin 7 [VDD, Power input, Line]
[power_pin_not_driven]: Input Power pin not driven by any Output Power pins
    ; error
    @(299.72 mm, 82.55 mm): Symbol U10 Pin 7 [VDD, Power input, Line]
[pin_not_connected]: Pin not connected
    ; error
    @(302.26 mm, 107.95 mm): Symbol U10 Pin 17 [PAD, Unspecified, Line]
[pin_not_connected]: Pin not connected
    ; error
    @(312.42 mm, 87.63 mm): Symbol U10 Pin 9 [OUTP, Output, Line]
[pin_not_connected]: Pin not connected
    ; error
    @(312.42 mm, 90.17 mm): Symbol U10 Pin 10 [OUTN, Output, Line]
[multiple_net_names]: Both DAC_L and DAC_R are attached to the same items; DAC_L will be used in the netlist
    ; warning
    @(90.17 mm, 107.95 mm): Global Label 'DAC_L'
    @(90.17 mm, 105.41 mm): Global Label 'DAC_R'
[multiple_net_names]: Both +3V3 and GND are attached to the same items; +3V3 will be used in the netlist
    ; warning
    @(90.17 mm, 67.31 mm): Global Label '+3V3'
    @(90.17 mm, 115.57 mm): Global Label 'GND'
[no_connect_dangling]: Unconnected "no connection" flag
    ; warning
    @(302.26 mm, 82.55 mm): No Connect
[no_connect_dangling]: Unconnected "no connection" flag
    ; warning
    @(309.88 mm, 87.63 mm): No Connect
[no_connect_dangling]: Unconnected "no connection" flag
    ; warning
    @(309.88 mm, 90.17 mm): No Connect
[no_connect_dangling]: Unconnected "no connection" flag
    ; warning
    @(309.88 mm, 97.79 mm): No Connect

***** Sheet /TFT display, input expander and buttons/
[multiple_net_names]: Both +3V3 and BTN_VOL_DOWN_N are attached to the same items; +3V3 will be used in the netlist
    ; warning
    @(110.49 mm, 67.31 mm): Global Label '+3V3'
    @(110.49 mm, 115.57 mm): Global Label 'BTN_VOL_DOWN_N'
[multiple_net_names]: Both TFT_BL_PWM and TFT_RST are attached to the same items; TFT_BL_PWM will be used in the netlist
    ; warning
    @(255.27 mm, 72.39 mm): Global Label 'TFT_BL_PWM'
    @(255.27 mm, 74.93 mm): Global Label 'TFT_RST'

***** Sheet /BM83 Bluetooth source module/
[pin_not_connected]: Pin not connected
    ; error
    @(142.24 mm, 90.17 mm): Symbol U12 Pin 3 [SCLK1, Bidirectional, Line]
[pin_not_connected]: Pin not connected
    ; error
    @(142.24 mm, 105.41 mm): Symbol U12 Pin 15 [MICBIAS, Passive, Line]
[pin_not_connected]: Pin not connected
    ; error
    @(142.24 mm, 123.19 mm): Symbol U12 Pin 19 [DMIC1_L, Output, Line]
[pin_not_connected]: Pin not connected
    ; error
    @(162.56 mm, 72.39 mm): Symbol U12 Pin 22 [ADAP_IN, Power input, Line]
[power_pin_not_driven]: Input Power pin not driven by any Output Power pins
    ; error
    @(162.56 mm, 72.39 mm): Symbol U12 Pin 22 [ADAP_IN, Power input, Line]
[pin_not_connected]: Pin not connected
    ; error
    @(165.10 mm, 158.75 mm): Symbol U12 Pin 16 [GND, Power input, Line]
[power_pin_not_driven]: Input Power pin not driven by any Output Power pins
    ; error
    @(165.10 mm, 158.75 mm): Symbol U12 Pin 16 [GND, Power input, Line]
[pin_not_connected]: Pin not connected
    ; error
    @(167.64 mm, 72.39 mm): Symbol U12 Pin 23 [BAT_IN, Power input, Line]
[power_pin_not_driven]: Input Power pin not driven by any Output Power pins
    ; error
    @(167.64 mm, 72.39 mm): Symbol U12 Pin 23 [BAT_IN, Power input, Line]
[pin_not_connected]: Pin not connected
    ; error
    @(187.96 mm, 80.01 mm): Symbol U12 Pin 6 [AOHPR, Output, Line]
[pin_to_pin]: Pins of type Output and Output are connected
    ; error
    @(187.96 mm, 82.55 mm): Symbol U12 Pin 7 [AOHPM, Output, Line]
    @(187.96 mm, 85.09 mm): Symbol U12 Pin 8 [AOHPL, Output, Line]
[pin_not_connected]: Pin not connected
    ; error
    @(187.96 mm, 90.17 mm): Symbol U12 Pin 49 [P0_0/UART_TX_IND, Bidirectional, Line]
[pin_not_connected]: Pin not connected
    ; error
    @(187.96 mm, 95.25 mm): Symbol U12 Pin 33 [P0_2, Bidirectional, Line]
[no_connect_dangling]: Unconnected "no connection" flag
    ; warning
    @(142.24 mm, 82.55 mm): No Connect
[no_connect_dangling]: Unconnected "no connection" flag
    ; warning
    @(142.24 mm, 107.95 mm): No Connect
[no_connect_dangling]: Unconnected "no connection" flag
    ; warning
    @(142.24 mm, 125.73 mm): No Connect
[multiple_net_names]: Both I2S_BCLK_BT and I2S_LRCLK_BT are attached to the same items; I2S_BCLK_BT will be used in the netlist
    ; warning
    @(142.24 mm, 143.51 mm): Global Label 'I2S_BCLK_BT'
    @(142.24 mm, 146.05 mm): Global Label 'I2S_LRCLK_BT'
[multiple_net_names]: Both BT_LED and BT_STATE are attached to the same items; BT_LED will be used in the netlist
    ; warning
    @(187.96 mm, 85.09 mm): Global Label 'BT_LED'
    @(187.96 mm, 82.55 mm): Global Label 'BT_STATE'
[no_connect_dangling]: Unconnected "no connection" flag
    ; warning
    @(187.96 mm, 135.89 mm): No Connect
[no_connect_dangling]: Unconnected "no connection" flag
    ; warning
    @(187.96 mm, 148.59 mm): No Connect
[no_connect_dangling]: Unconnected "no connection" flag
    ; warning
    @(187.96 mm, 151.13 mm): No Connect

***** Sheet /Service connectors, power switch and test points/
[pin_not_connected]: Pin not connected
    ; error
    @(149.86 mm, 77.47 mm): Symbol J8 Pin 6 [Pin_6, Passive, Line]

 ** ERC messages: 101  Errors 40  Warnings 61

 ** Ignored checks:
    - Global label only appears once in the schematic
    - Four connection points are joined together
    - SPICE model issue
    - Assigned footprint doesn't match footprint filters
